// Vitest Snapshot v1, https://vitest.dev/guide/snapshot.html

exports[`Button Component > harus sesuai dengan snapshot 1`] = `
<DocumentFragment>
  <button
    class="flex items-center justify-center gap-2 bg-blue-dark hover:bg-blue text-gray-100 font-bold p-4 rounded-lg transition-colors disabled:opacity-50 disabled:cursor-not-allowed"
  >
    Tambah
    <svg
      aria-hidden="true"
      class="lucide lucide-circle-plus"
      fill="none"
      height="16"
      stroke="currentColor"
      stroke-linecap="round"
      stroke-linejoin="round"
      stroke-width="2"
      viewBox="0 0 24 24"
      width="16"
      xmlns="http://www.w3.org/2000/svg"
    >
      <circle
        cx="12"
        cy="12"
        r="10"
      />
      <path
        d="M8 12h8"
      />
      <path
        d="M12 8v8"
      />
    </svg>
  </button>
</DocumentFragment>
`;
